[swiftlane.online/index.html]
[backblue.gif]
[fade.gif]
[index.html]
[swiftlane.online/index-2.html]
[swiftlane.online/services.html]
[swiftlane.online/about.html]
[swiftlane.online/contact.html]
[swiftlane.online/track/tracking.html]
[thumbs.dreamstime.com/b/logistics-truck-plane-global-map-blue-background-international-customs-day-banner-logistics-truck-plane-global-map-358322335.jpg]
[aircargoweek.com/wp-content/uploads/2021/02/Screenshot-2021-02-23-at-09.38.10.png]
[swiftlane.online/index.html]
[swiftlane.online/index-2.html]
[swiftlane.online/track.html]
[cdn-platform.wareflex.io/web-marketing/resources/01917437-f391-772d-807d-14a4e6e8fe2c.jpg]
[www.purolatorinternational.com/wp-content/uploads/2023/06/01-what-are-customs-brokerage-services-1280x720.jpg]
[www.theforage.com/blog/wp-content/uploads/2022/09/management-consultant.jpg]
[swiftlane.online/services.html]
[www.timeshighereducation.com/student/sites/default/files/open_road.jpg]
[images.pexels.com/photos/532220/pexels-photo-532220e7fe.jpg]
[images.pexels.com/photos/415829/pexels-photo-415829e7fe.jpg]
[images.pexels.com/photos/1516680/pexels-photo-1516680e7fe.jpg]
[images.pexels.com/photos/3775164/pexels-photo-3775164e7fe.jpg]
[swiftlane.online/about.html]
[swiftlane.online/contact.html]
[swiftlane.online/track/index.html]
[swiftlane.online/track/tracking.html]
[swiftlane.online/track.html]
[swiftlane.online/track/index.html]
[swiftlane.online/track/services.html]
[swiftlane.online/track/about.html]
[swiftlane.online/track/contact.html]
[swiftlane.online/track/track.html]
[aircargoweek.com/wp-content/uploads/2021/02/Screenshot-2021-02-23-at-09.38.10.png]
[cdn.businessday.ng/2020/07/sea-freight.jpg]
